[5f8b0d37172f1.site123.me/index.html]
[cdn-cms.f-static.net/ready_uploads/media/3116170/2000_5e19a8daecac9.jpg]
[cdn-cms-s.f-static.net/manager/site123_website/files/logos/brand_files_2020/Icons/Png/Icon_blue8ab6.png]
[cdn-cms-s.f-static.net/versions/2/css/manifestd31f.json]
[cdn-cms-s.f-static.net/ready_uploads/pwaScreenLogo/pwaImagef14c.png]
[cdn-cms-s.f-static.net/ready_uploads/pwaScreenLogo/pwaImage6675.png]
[cdn-cms-s.f-static.net/ready_uploads/pwaScreenLogo/pwaImageabf1.png]
[backblue.gif]
[fade.gif]
[index.html]
[fonts.googleapis.com/css4f39.css]
[fonts.googleapis.com/index.html]
[cdn-cms-s.f-static.net/versions/2/css/minimize_main8ab6.css]
[cdn-cms-s.f-static.net/index.html]
[cdn-cms-s.f-static.net/versions/2/css/websiteCSSdc14.css]
[cdn-cms.f-static.net/uploads/4381915/400_5f8b2d689e035.png]
[cdn-cms.f-static.net/uploads/4381915/800_5f8b15e61a12c.png]
[cdn-cms.f-static.net/uploads/4381915/800_5f8b16515d7c0.jpg]
[cdn-cms.f-static.net/uploads/4381915/800_5f8b165538911.jpg]
[cdn-cms.f-static.net/uploads/4381915/400_5d1372ebd548e.jpg]
[5f8b0d37172f1.site123.me/versions/2/wizard/orders/front/addToCart.html]
[cdn-cms-s.f-static.net/files/images/google_map_white_small8ab6.png]
[cdn-cms-s.f-static.net/files/images/waze_white_small8ab6.png]
[cdn-cms-s.f-static.net/files/images/moovit_white_small8ab6.png]
[cdn-cms-s.f-static.net/manager/site123_website/files/logos/brand_files_2020/Logo/Horizontal/PNG/Horizontal_Black8ab6.png]
[5f8b0d37172f1.site123.me/5f8b0d37172f1.site123.me]
[cdn-cms-s.f-static.net/versions/2/js/minimize_p18ab6.js]
[cdn-cms-s.f-static.net/versions/2/js/minimize_p28ab6.js]
[cdn-cms-s.f-static.net/versions/2/wizard/statistics/js/generateStats-min8ab6.js]
[5f8b0d37172f1.site123.me/index.html]
[cdn-cms-s.f-static.net/versions/2/js/minimize_p48ab6.js]
[cdn-cms-s.f-static.net/versions/2/js/minimize_p38ab6.js]
[cdn-cms-s.f-static.net/versions/2/js/minimize_scripts8ab6.js]
[cdn-cms-s.f-static.net/index.html]
[cdn-cms.f-static.net/index.html]
[fonts.googleapis.com/index.html]
[fonts.gstatic.com/index.html]
[cdn-cms-s.f-static.net/files/font-awesome-4.7/fonts/fontawesome-webfont3e6e.html]
[fonts.googleapis.com/css4f39.css]
[5f8b0d37172f1.site123.me/versions/2/wizard/orders/front/addToCart.html]
[cdn-cms-s.f-static.net/files/vendor/slick-1.8.1/slick/ajax-loader.gif]
[cdn-cms-s.f-static.net/files/font-awesome-4.7/fonts/fontawesome-webfont3e6e.svg]
[cdn-cms-s.f-static.net/files/vendor/slick-1.8.1/slick/fonts/slick.svg]
[cdn-cms-s.f-static.net/files/vendor/raty-master/lib/fonts/raty.svg]
[cdn-cms-s.f-static.net/versions/2/css/owl.video.play.png]
[cdn-cms-s.f-static.net/versions/2/css/minimize_main8ab6.css]
[cdn-cms-s.f-static.net/versions/2/css/websiteCSSdc14.css]
[5f8b0d37172f1.site123.me/5f8b0d37172f1.site123.html]
[cdn-cms-s.f-static.net/files/font-awesome-4.7/fonts/fontawesome-webfont3e6e.svg]
[cdn-cms-s.f-static.net/files/vendor/slick-1.8.1/slick/fonts/slick.svg]
[cdn-cms-s.f-static.net/files/vendor/raty-master/lib/fonts/raty.svg]
[cdn-cms-s.f-static.net/versions/2/css/owl.video.play.html]
